
  ___  ____  ____  ____  ____ ©
 /__    /   ____/   /   ____/      17.0
___/   /   /___/   /   /___/       MP—Parallel Edition

 Statistics and Data Science       Copyright 1985-2021 StataCorp LLC
                                   StataCorp
                                   4905 Lakeway Drive
                                   College Station, Texas 77845 USA
                                   800-STATA-PC        https://www.stata.com
                                   979-696-4600        stata@stata.com

Stata license: Unlimited-user 64-core network perpetual
Serial number: 18461036
  Licensed to: TEAM BTCR
               TEAM BTCR

Notes:
      1. Stata is running in batch mode.
      2. Unicode is supported; see help unicode_advice.
      3. More than 2 billion observations are allowed; see help obs_advice.
      4. Maximum number of variables is set to 5,000; see help set_maxvar.

. do prueba_automatica.do 

. 
. sysuse auto, clear
(1978 automobile data)

. regress price mpg weight

      Source |       SS           df       MS      Number of obs   =        74
-------------+----------------------------------   F(2, 71)        =     14.74
       Model |   186321280         2  93160639.9   Prob > F        =    0.0000
    Residual |   448744116        71  6320339.67   R-squared       =    0.2934
-------------+----------------------------------   Adj R-squared   =    0.2735
       Total |   635065396        73  8699525.97   Root MSE        =      2514

------------------------------------------------------------------------------
       price | Coefficient  Std. err.      t    P>|t|     [95% conf. interval]
-------------+----------------------------------------------------------------
         mpg |  -49.51222   86.15604    -0.57   0.567    -221.3025     122.278
      weight |   1.746559   .6413538     2.72   0.008      .467736    3.025382
       _cons |   1946.069    3597.05     0.54   0.590    -5226.245    9118.382
------------------------------------------------------------------------------

. outsheet using "resultados_prueba.csv", comma replace
(file resultados_prueba.csv not found)

. 
end of do-file
